[1;38;2;196;167;255mmesh / pc[m  [2monline  2 active[m
[2mChoose a session, or start another one.[m

[1;38;2;157;124;255m› [m[1;38;2;232;222;255m7K3D[m  detached       4m  [2mlive[m
[38;2;216;222;233m  claude --dangerously-skip-permissions[m
[2m  /home/shaul/src/mesh[m

  91AZ  running        8m  [2mlive[m
[38;2;216;222;233m  npm run dev[m
[2m  /home/shaul/src/site[m












↑/↓ move  enter attach  n new  r resume  esc hosts