[1;38;2;196;167;255mmesh[m[2m › [m[1;38;2;232;222;255mpi[m[2m  100.64.0.8:7337[m                                  [1;38;2;255;184;108m▲ offline  ·  cached[m
[2mCached sessions may be stale. Wake the host before starting work.[m

[1;38;2;157;124;255m› [m[1;38;2;157;124;255m○[m [1;38;2;232;222;255msensors · python[m                              [2mdetached[m  [2mstarted 2h ago[m  [2mQ8ME[m

[2m┌─ [m[1;38;2;232;222;255msensors · python  ·  Q8ME[m[2m ──────────────────────────────────────────────────┐[m
[2m│[m [2mstarted in  [m /srv/sensors                                                    [2m│[m
[2m│[m [2mforeground  [m [2munavailable[m                                                     [2m│[m
[2m│[m [2mlaunched    [m python sensor.py                                                [2m│[m
[2m│[m [2mactivity    [m catalog detached  ·  last output unavailable  ·  started 2h ago [2m│[m
[2m├─ [m[1;38;2;255;184;108mlive view unavailable[m[2m ──────────────────────────────────────────────────────┤[m
[2m│[m [38;2;216;222;233mLive view unavailable while the host is offline.[m                             [2m│[m
[2m│[m [38;2;216;222;233m[m                                                                             [2m│[m
[2m│[m [38;2;216;222;233m[m                                                                             [2m│[m
[2m│[m [38;2;216;222;233m[m                                                                             [2m│[m
[2m│[m [38;2;216;222;233m[m                                                                             [2m│[m
[2m│[m [38;2;216;222;233m[m                                                                             [2m│[m
[2m│[m [38;2;216;222;233m[m                                                                             [2m│[m
[2m│[m [38;2;216;222;233m[m                                                                             [2m│[m
[2m│[m [38;2;216;222;233m[m                                                                             [2m│[m
[2m│[m [38;2;216;222;233m[m                                                                             [2m│[m
[2m│[m [38;2;216;222;233m[m                                                                             [2m│[m
[2m└──────────────────────────────────────────────────────────────────────────────┘[m
[1;38;2;196;167;255m↑/↓[m  [1;38;2;196;167;255menter[m [2mtry attach[m  [1;38;2;196;167;255mspace[m [2mscreen[m  [1;38;2;196;167;255mw[m [2mwake[m  [1;38;2;196;167;255mesc[m [2mhosts[m