[1;38;2;196;167;255mmesh / pi[m  [1;38;2;255;184;108moffline  cached-stale[m
[2mCached sessions may be stale. Wake the host before starting work.[m

[1;38;2;157;124;255m› [m[1;38;2;232;222;255mQ8ME[m  detached       2h  [1;38;2;255;184;108mcached-stale[m
[38;2;216;222;233m  python sensor.py[m
[2m  /srv/sensors[m
















↑/↓ move  enter try attach  w wake  esc hosts