[1;38;2;196;167;255mmesh[m[2m › [m[1;38;2;232;222;255mpc[m[2m  pc.tail.example[m                                 [38;2;166;227;161m●[m[2m online[m[2m  ·  [m[2m2 active[m
[2mmesh tests  ·  7K3D  ·  attached  ·  current path /home/shaul/src/mesh/internal…[m

[2m┌─ [m[1;38;2;232;222;255mcurrent screen  ·  mesh tests  ·  7K3D[m[2m ─────────────────────────────────────┐[m
[2m│[m [38;2;216;222;233mscreen row 07[m                                                                [2m│[m
[2m│[m [38;2;216;222;233mscreen row 08[m                                                                [2m│[m
[2m│[m [38;2;216;222;233mscreen row 09[m                                                                [2m│[m
[2m│[m [38;2;216;222;233mscreen row 10[m                                                                [2m│[m
[2m│[m [38;2;216;222;233mscreen row 11[m                                                                [2m│[m
[2m│[m [38;2;216;222;233mscreen row 12[m                                                                [2m│[m
[2m│[m [38;2;216;222;233mscreen row 13[m                                                                [2m│[m
[2m│[m [38;2;216;222;233mscreen row 14[m                                                                [2m│[m
[2m│[m [38;2;216;222;233mscreen row 15[m                                                                [2m│[m
[2m│[m [38;2;216;222;233mscreen row 16[m                                                                [2m│[m
[2m│[m [38;2;216;222;233mscreen row 17[m                                                                [2m│[m
[2m│[m [38;2;216;222;233mscreen row 18[m                                                                [2m│[m
[2m│[m [38;2;216;222;233mscreen row 19[m                                                                [2m│[m
[2m│[m [38;2;216;222;233mscreen row 20[m                                                                [2m│[m
[2m│[m [38;2;216;222;233mscreen row 21[m                                                                [2m│[m
[2m│[m [38;2;216;222;233mscreen row 22[m                                                                [2m│[m
[2m│[m [38;2;216;222;233mscreen row 23[m                                                                [2m│[m
[2m│[m [38;2;216;222;233mscreen row 24[m                                                                [2m│[m
[2m└──────────────────────────────────────────────────────────────────────────────┘[m
[1;38;2;196;167;255mspace[m [2mdetails[m  [1;38;2;196;167;255menter[m [2mtake over[m  [1;38;2;196;167;255mesc[m [2mdetails[m