Served-website picker comparison, each frame is exactly 80x24

A keeps full URLs in the host view and takes rows from the screen preview. CHOSEN.
B preserves preview height, but makes both session labels and URLs too narrow.
C fits every field, but hides websites behind another mode.

 mesh / pc · pc.tail.example              online · 2 active · 2 served           │  mesh / pc · pc.tail.example              online · 2 active · 2 served           │  mesh / pc · pc.tail.example              online · 2 active · 2 served           │
 Choose a session, or start another one.                                         │  Choose a session, or start another one.                                         │  [sessions]  served websites                                                     │
                                                                                 │                                                                                  │                                                                                  │
 > mesh · claude  detached · output 12s ago · 7K3D                               │  SESSIONS                              SERVED WEBSITES                           │  > mesh · claude  detached · output 12s ago · 7K3D                               │
   site · npm     in use   · output 2s ago  · 91AZ                               │  > mesh · claude  detached · 7K3D      healthy https://pc.mesh.shaulavo...       │    site · npm     in use   · output 2s ago  · 91AZ                               │
                                                                                 │    site · npm     in use   · 91AZ      unhealthy https://status.shaulavo...      │                                                                                  │
 served websites                                                                 │                                                                                  │  ┌─ mesh · claude  7K3D ─────────────────────────────────────────────────────┐   │
   healthy    https://pc.mesh.shaulavo.dev/blog                                  │  ┌─ mesh · claude  7K3D ─────────────────────────────────────────────────────┐   │  │ current path  /home/shaul/src/mesh                                        │   │
   unhealthy  https://status.shaulavo.dev/api                                    │  │ current path  /home/shaul/src/mesh                                        │   │  │ launched      claude --dangerously-skip-permissions                       │   │
                                                                                 │  │ launched      claude --dangerously-skip-permissions                       │   │  │ foreground    claude  ·  title mesh                                       │   │
 ┌─ mesh · claude  7K3D ─────────────────────────────────────────────────────┐   │  │ foreground    claude  ·  title mesh                                       │   │  │ activity      detached  ·  output 12s ago  ·  started 4m ago              │   │
 │ current path  /home/shaul/src/mesh                                        │   │  │ activity      detached  ·  output 12s ago  ·  started 4m ago              │   │  │ screen        live                                                        │   │
 │ launched      claude --dangerously-skip-permissions                       │   │  │ screen        live                                                        │   │  │ $ go test ./...                                                            │  │
 │ foreground    claude  ·  title mesh                                       │   │  │ $ go test ./...                                                            │  │  │ ok                                                                          │ │
 │ activity      detached  ·  output 12s ago  ·  started 4m ago              │   │  │ ok                                                                          │ │  │                                                                             │ │
 │ screen        live                                                        │   │  │                                                                             │ │  │                                                                             │ │
 │ $ go test ./...                                                            │  │  │                                                                             │ │  │                                                                             │ │
 │ ok                                                                          │ │  │                                                                             │ │  │                                                                             │ │
 │                                                                             │ │  │                                                                             │ │  │                                                                             │ │
 │                                                                             │ │  │                                                                             │ │  │                                                                             │ │
 │                                                                             │ │  │                                                                             │ │  │                                                                             │ │
 │                                                                             │ │  │                                                                             │ │  │                                                                             │ │
 └─────────────────────────────────────────────────────────────────────────────┘ │  └─────────────────────────────────────────────────────────────────────────────┘ │  └─────────────────────────────────────────────────────────────────────────────┘ │
 ↑/↓  enter attach  space screen  n new  r resume  k kill  x rm  esc hosts       │  ↑/↓  enter attach  space screen  n new  r resume  k kill  x rm  esc hosts       │  tab websites  ↑/↓ move  enter attach  space screen  esc hosts                   │
